// Jest Snapshot v1, https://goo.gl/fbAQLP

exports[`Error panel Does not exist when no error 1`] = `null`;
